layer at (0,0) size 800x600
  LayoutView at (0,0) size 800x600
layer at (0,0) size 800x180
  LayoutBlockFlow {HTML} at (0,0) size 800x180.44
    LayoutBlockFlow {BODY} at (8,18.72) size 784x145.72
      LayoutBlockFlow {H3} at (0,0) size 784x23
        LayoutText {#text} at (0,0) size 764x22
          text run at (0,0) width 764: "The glyph for JHA should look different for Nepali and Hindi, depending on the lang attribute."
      LayoutBlockFlow {P} at (0,41.72) size 784x24
        LayoutText {#text} at (0,3) size 82x21
          text run at (0,3) width 82: "Hindi:JHA \x{91D}"
      LayoutBlockFlow {P} at (0,81.72) size 784x24
        LayoutText {#text} at (0,3) size 93x21
          text run at (0,3) width 93: "Nepali:JHA \x{91D}"
      LayoutBlockFlow {P} at (0,121.72) size 784x24
        LayoutText {#text} at (0,3) size 78x21
          text run at (0,3) width 78: "Nepali:JHA "
        LayoutInline {SPAN} at (0,0) size 15x21
          LayoutText {#text} at (78,3) size 15x21
            text run at (78,3) width 15: "\x{91D}"
        LayoutText {#text} at (93,3) size 287x21
          text run at (93,3) width 287: " - \"ne\" in \"hi\" should look the same as above."
