layer at (0,0) size 800x600
  LayoutView at (0,0) size 800x600
layer at (0,0) size 800x518
  LayoutBlockFlow {HTML} at (0,0) size 800x518
    LayoutBlockFlow {BODY} at (8,16) size 784x486
      LayoutBlockFlow {P} at (0,0) size 784x54
        LayoutText {#text} at (0,0) size 743x54
          text run at (0,0) width 727: "In each line, reading from left to right, the bracket should appear before the parenthesis. The"
          text run at (0,18) width 743: "bracket should be a left bracket and the parenthesis should be a right parenthesis. In each line,"
          text run at (0,36) width 596: "Roman characters and digits should be in increasing order from left to right."
      LayoutBlockFlow {P} at (0,70) size 784x18
        LayoutText {#text} at (0,0) size 62x18
          text run at (0,0) width 27 RTL: "\x{5D0}\x{5D1}\x{5D2}"
          text run at (26,0) width 36: " def "
        LayoutInline {SPAN} at (0,0) size 38x18
          LayoutText {#text} at (61,0) size 38x18
            text run at (61,0) width 38 RTL: "(\x{5D6}\x{5D7}\x{5D8}]"
        LayoutText {#text} at (98,0) size 25x18
          text run at (98,0) width 25: " jkl"
      LayoutBlockFlow {P} at (0,104) size 784x18
        LayoutText {#text} at (0,0) size 62x18
          text run at (0,0) width 27 RTL: "\x{5D0}\x{5D1}\x{5D2}"
          text run at (26,0) width 36: " def "
        LayoutInline {SPAN} at (0,0) size 36x18
          LayoutText {#text} at (61,0) size 36x18
            text run at (61,0) width 6 RTL: "]"
            text run at (66,0) width 25: "ghi"
            text run at (90,0) width 7 RTL: "("
        LayoutText {#text} at (96,0) size 24x18
          text run at (96,0) width 24: " jkl"
      LayoutBlockFlow {P} at (0,138) size 784x18
        LayoutText {#text} at (0,0) size 33x18
          text run at (0,0) width 33: "abc "
        LayoutInline {SPAN} at (0,0) size 57x18
          LayoutText {#text} at (32,0) size 57x18
            text run at (32,0) width 6 RTL: "]"
            text run at (37,0) width 21: "23"
            text run at (57,0) width 6 RTL: " "
            text run at (62,0) width 21: "45"
            text run at (82,0) width 7 RTL: "("
        LayoutText {#text} at (88,0) size 31x18
          text run at (88,0) width 31: " fgh"
      LayoutBlockFlow {P} at (0,172) size 784x22
        LayoutText {#text} at (0,2) size 119x18
          text run at (0,2) width 33: "abc "
          text run at (32,2) width 6 RTL: "]"
          text run at (37,2) width 21: "23"
          text run at (57,2) width 6 RTL: " "
          text run at (62,2) width 21: "45"
          text run at (82,2) width 7 RTL: "\x{202B}("
          text run at (88,2) width 31: "\x{202C} fgh"
      LayoutBlockFlow {P} at (0,210) size 784x22
        LayoutText {#text} at (0,2) size 107x18
          text run at (0,2) width 33: "abc "
          text run at (32,2) width 6 RTL: "]"
          text run at (37,2) width 41: "de fg"
          text run at (77,2) width 6 RTL: "\x{202B}("
          text run at (82,2) width 25: "\x{202C} hij"
      LayoutBlockFlow {P} at (0,248) size 784x18
        LayoutText {#text} at (0,0) size 11x18
          text run at (0,0) width 11: "1"
        LayoutInline {SPAN} at (0,0) size 53x18
          LayoutText {#text} at (10,0) size 53x18
            text run at (10,0) width 6 RTL: "]"
            text run at (15,0) width 43: "ab cd"
            text run at (57,0) width 6 RTL: "("
        LayoutText {#text} at (0,0) size 0x0
      LayoutBlockFlow {P} at (0,282) size 784x18
        LayoutText {#text} at (0,0) size 11x18
          text run at (0,0) width 11: "1"
        LayoutInline {SPAN} at (0,0) size 50x18
          LayoutText {#text} at (10,0) size 50x18
            text run at (10,0) width 26 RTL: " \x{5D2}\x{5D3}]"
            text run at (35,0) width 20: "ab"
            text run at (54,0) width 6 RTL: "("
        LayoutText {#text} at (0,0) size 0x0
      LayoutBlockFlow {P} at (0,316) size 784x22
        LayoutText {#text} at (0,2) size 11x18
          text run at (0,2) width 11: "1"
        LayoutInline {SPAN} at (0,0) size 21x18
          LayoutText {#text} at (10,2) size 21x18
            text run at (10,2) width 6 RTL: "]"
            text run at (15,2) width 11: "2"
            text run at (25,2) width 6 RTL: "\x{202B}("
            text run at (30,2) width 1: "\x{202C}"
        LayoutText {#text} at (0,0) size 0x0
      LayoutBlockFlow {P} at (0,354) size 784x22
        LayoutText {#text} at (0,2) size 11x18
          text run at (0,2) width 11: "1"
        LayoutInline {SPAN} at (0,0) size 20x18
          LayoutText {#text} at (10,2) size 20x18
            text run at (10,2) width 6 RTL: "]"
            text run at (15,2) width 10: "a"
            text run at (24,2) width 6 RTL: "\x{202B}("
            text run at (29,2) width 1: "\x{202C}"
        LayoutText {#text} at (0,0) size 0x0
      LayoutBlockFlow {P} at (0,392) size 784x22
        LayoutText {#text} at (0,2) size 60x18
          text run at (0,2) width 11: "1"
          text run at (10,2) width 26 RTL: " \x{5D2}\x{5D3}]"
          text run at (35,2) width 20: "ab"
          text run at (54,2) width 6 RTL: "\x{202B}("
          text run at (59,2) width 1: "\x{202C}"
      LayoutBlockFlow {P} at (0,430) size 784x18
        LayoutInline {SPAN} at (0,0) size 99x18
          LayoutText {#text} at (0,0) size 99x18
            text run at (0,0) width 6 RTL: "]"
            text run at (5,0) width 28: "abc"
            text run at (32,0) width 37 RTL: " \x{5D0}\x{5D1}\x{5D2} "
            text run at (68,0) width 26: "def"
            text run at (93,0) width 6 RTL: "("
        LayoutText {#text} at (0,0) size 0x0
      LayoutBlockFlow {P} at (0,464) size 784x22
        LayoutText {#text} at (0,2) size 99x18
          text run at (0,2) width 6 RTL: "]"
          text run at (5,2) width 28: "abc"
          text run at (32,2) width 37 RTL: " \x{5D0}\x{5D1}\x{5D2} "
          text run at (68,2) width 26: "def"
          text run at (93,2) width 6 RTL: "\x{202B}("
          text run at (98,2) width 1: "\x{202C}"
