layer at (0,0) size 800x600 clip at (0,0) size 785x600 scrollHeight 6406
  LayoutView at (0,0) size 800x600
layer at (0,0) size 785x6406 backgroundClip at (0,0) size 785x600 clip at (0,0) size 785x600
  LayoutBlockFlow {HTML} at (0,0) size 785x6406
    LayoutBlockFlow {BODY} at (8,8) size 769x6382
      LayoutBlockFlow {P} at (0,0) size 769x18
        LayoutText {#text} at (0,0) size 306x18
          text run at (0,0) width 306: "Tests the resolved level of runs of neutral types."
      LayoutBlockFlow {DIV} at (0,34) size 769x3166
        LayoutBlockFlow {P} at (0,0) size 769x18
          LayoutText {#text} at (0,0) size 44x18
            text run at (0,0) width 44: "ab(^cd"
        LayoutBlockFlow {P} at (0,34) size 769x19
          LayoutText {#text} at (0,1) size 48x18
            text run at (0,1) width 20 RTL: "\x{5D0}\x{5D1}"
            text run at (19,1) width 29: "(^cd"
        LayoutBlockFlow {P} at (0,69) size 769x21
          LayoutText {#text} at (0,1) size 43x18
            text run at (0,1) width 15 RTL: "\x{627}\x{628}"
            text run at (14,1) width 29: "(^cd"
        LayoutBlockFlow {P} at (0,106) size 769x18
          LayoutText {#text} at (0,0) size 60x18
            text run at (0,0) width 60: "ab12(^cd"
        LayoutBlockFlow {P} at (0,140) size 769x19
          LayoutText {#text} at (0,1) size 64x18
            text run at (0,1) width 16: "12"
            text run at (16,1) width 20 RTL: "\x{5D0}\x{5D1}"
            text run at (35,1) width 29: "(^cd"
        LayoutBlockFlow {P} at (0,175) size 769x21
          LayoutText {#text} at (0,1) size 59x18
            text run at (0,1) width 16: "12"
            text run at (16,1) width 15 RTL: "\x{627}\x{628}"
            text run at (30,1) width 29: "(^cd"
        LayoutBlockFlow {P} at (0,212) size 769x21
          LayoutText {#text} at (0,1) size 60x18
            text run at (0,1) width 16: "ab"
            text run at (15,1) width 17: "\x{661}\x{662}"
            text run at (31,1) width 29: "(^cd"
        LayoutBlockFlow {P} at (0,249) size 769x21
          LayoutText {#text} at (0,1) size 65x18
            text run at (0,1) width 17: "\x{661}\x{662}"
            text run at (16,1) width 21 RTL: "\x{5D0}\x{5D1}"
            text run at (36,1) width 29: "(^cd"
        LayoutBlockFlow {P} at (0,286) size 769x21
          LayoutText {#text} at (0,1) size 60x18
            text run at (0,1) width 17: "\x{661}\x{662}"
            text run at (16,1) width 16 RTL: "\x{627}\x{628}"
            text run at (31,1) width 29: "(^cd"
        LayoutBlockFlow {P} at (0,323) size 769x19
          LayoutText {#text} at (0,1) size 36x18
            text run at (0,1) width 8: "\x{202A}?"
            text run at (7,1) width 29: "\x{202C}(^cd"
        LayoutBlockFlow {P} at (0,358) size 769x19
          LayoutText {#text} at (0,1) size 36x18
            text run at (0,1) width 8 RTL: "\x{202B}?"
            text run at (7,1) width 29: "\x{202C}(^cd"
        LayoutBlockFlow {P} at (0,393) size 769x19
          LayoutText {#text} at (0,1) size 43x18
            text run at (0,1) width 28: "ab(^"
            text run at (27,1) width 16 RTL: "\x{5D2}\x{5D3}"
        LayoutBlockFlow {P} at (0,428) size 769x19
          LayoutText {#text} at (0,1) size 48x18
            text run at (0,1) width 48 RTL: "\x{5D0}\x{5D1}(^\x{5D2}\x{5D3}"
        LayoutBlockFlow {P} at (0,463) size 769x21
          LayoutText {#text} at (0,1) size 43x18
            text run at (0,1) width 43 RTL: "\x{627}\x{628}(^\x{5D2}\x{5D3}"
        LayoutBlockFlow {P} at (0,500) size 769x19
          LayoutText {#text} at (0,1) size 59x18
            text run at (0,1) width 44: "ab12(^"
            text run at (43,1) width 16 RTL: "\x{5D2}\x{5D3}"
        LayoutBlockFlow {P} at (0,535) size 769x19
          LayoutText {#text} at (0,1) size 64x18
            text run at (0,1) width 28 RTL: "(^\x{5D2}\x{5D3}"
            text run at (27,1) width 17: "12"
            text run at (43,1) width 21 RTL: "\x{5D0}\x{5D1}"
        LayoutBlockFlow {P} at (0,570) size 769x21
          LayoutText {#text} at (0,1) size 59x18
            text run at (0,1) width 28 RTL: "(^\x{5D2}\x{5D3}"
            text run at (27,1) width 17: "12"
            text run at (43,1) width 16 RTL: "\x{627}\x{628}"
        LayoutBlockFlow {P} at (0,607) size 769x21
          LayoutText {#text} at (0,1) size 60x18
            text run at (0,1) width 16: "ab"
            text run at (15,1) width 28 RTL: "(^\x{5D2}\x{5D3}"
            text run at (42,1) width 18: "\x{661}\x{662}"
        LayoutBlockFlow {P} at (0,644) size 769x21
          LayoutText {#text} at (0,1) size 64x18
            text run at (0,1) width 28 RTL: "(^\x{5D2}\x{5D3}"
            text run at (27,1) width 18: "\x{661}\x{662}"
            text run at (44,1) width 20 RTL: "\x{5D0}\x{5D1}"
        LayoutBlockFlow {P} at (0,681) size 769x21
          LayoutText {#text} at (0,1) size 60x18
            text run at (0,1) width 28 RTL: "(^\x{5D2}\x{5D3}"
            text run at (27,1) width 18: "\x{661}\x{662}"
            text run at (44,1) width 16 RTL: "\x{627}\x{628}"
        LayoutBlockFlow {P} at (0,718) size 769x19
          LayoutText {#text} at (0,1) size 35x18
            text run at (0,1) width 8: "\x{202A}?"
            text run at (7,1) width 13: "\x{202C}(^"
            text run at (19,1) width 16 RTL: "\x{5D2}\x{5D3}"
        LayoutBlockFlow {P} at (0,753) size 769x19
          LayoutText {#text} at (0,1) size 35x18
            text run at (0,1) width 28 RTL: "\x{202C}(^\x{5D2}\x{5D3}"
            text run at (27,1) width 8 RTL: "\x{202B}?"
        LayoutBlockFlow {P} at (0,788) size 769x21
          LayoutText {#text} at (0,1) size 45x18
            text run at (0,1) width 28: "ab(^"
            text run at (27,1) width 18 RTL: "\x{62C}\x{62F}"
        LayoutBlockFlow {P} at (0,825) size 769x21
          LayoutText {#text} at (0,1) size 49x18
            text run at (0,1) width 49 RTL: "\x{5D0}\x{5D1}(^\x{62C}\x{62F}"
        LayoutBlockFlow {P} at (0,862) size 769x21
          LayoutText {#text} at (0,1) size 45x18
            text run at (0,1) width 45 RTL: "\x{627}\x{628}(^\x{62C}\x{62F}"
        LayoutBlockFlow {P} at (0,899) size 769x21
          LayoutText {#text} at (0,1) size 61x18
            text run at (0,1) width 44: "ab12(^"
            text run at (43,1) width 18 RTL: "\x{62C}\x{62F}"
        LayoutBlockFlow {P} at (0,936) size 769x21
          LayoutText {#text} at (0,1) size 65x18
            text run at (0,1) width 30 RTL: "(^\x{62C}\x{62F}"
            text run at (29,1) width 17: "12"
            text run at (45,1) width 20 RTL: "\x{5D0}\x{5D1}"
        LayoutBlockFlow {P} at (0,973) size 769x21
          LayoutText {#text} at (0,1) size 61x18
            text run at (0,1) width 30 RTL: "(^\x{62C}\x{62F}"
            text run at (29,1) width 17: "12"
            text run at (45,1) width 16 RTL: "\x{627}\x{628}"
        LayoutBlockFlow {P} at (0,1010) size 769x21
          LayoutText {#text} at (0,1) size 62x18
            text run at (0,1) width 16: "ab"
            text run at (15,1) width 30 RTL: "(^\x{62C}\x{62F}"
            text run at (44,1) width 18: "\x{661}\x{662}"
        LayoutBlockFlow {P} at (0,1047) size 769x21
          LayoutText {#text} at (0,1) size 66x18
            text run at (0,1) width 30 RTL: "(^\x{62C}\x{62F}"
            text run at (29,1) width 17: "\x{661}\x{662}"
            text run at (45,1) width 21 RTL: "\x{5D0}\x{5D1}"
        LayoutBlockFlow {P} at (0,1084) size 769x21
          LayoutText {#text} at (0,1) size 61x18
            text run at (0,1) width 30 RTL: "(^\x{62C}\x{62F}"
            text run at (29,1) width 17: "\x{661}\x{662}"
            text run at (45,1) width 16 RTL: "\x{627}\x{628}"
        LayoutBlockFlow {P} at (0,1121) size 769x21
          LayoutText {#text} at (0,1) size 37x18
            text run at (0,1) width 8: "\x{202A}?"
            text run at (7,1) width 13: "\x{202C}(^"
            text run at (19,1) width 18 RTL: "\x{62C}\x{62F}"
        LayoutBlockFlow {P} at (0,1158) size 769x21
          LayoutText {#text} at (0,1) size 37x18
            text run at (0,1) width 30 RTL: "\x{202C}(^\x{62C}\x{62F}"
            text run at (29,1) width 8 RTL: "\x{202B}?"
        LayoutBlockFlow {P} at (0,1195) size 769x19
          LayoutText {#text} at (0,1) size 63x18
            text run at (0,1) width 44: "ab(^34"
            text run at (43,1) width 13 RTL: "\x{5E9}"
            text run at (55,1) width 8: "z"
        LayoutBlockFlow {P} at (0,1230) size 769x19
          LayoutText {#text} at (0,1) size 67x18
            text run at (0,1) width 12 RTL: "\x{5E9}"
            text run at (11,1) width 17: "34"
            text run at (27,1) width 33 RTL: "\x{5D0}\x{5D1}(^"
            text run at (59,1) width 8: "z"
        LayoutBlockFlow {P} at (0,1265) size 769x21
          LayoutText {#text} at (0,1) size 63x18
            text run at (0,1) width 12 RTL: "\x{5E9}"
            text run at (11,1) width 17: "34"
            text run at (27,1) width 29 RTL: "\x{627}\x{628}(^"
            text run at (55,1) width 8: "z"
        LayoutBlockFlow {P} at (0,1302) size 769x19
          LayoutText {#text} at (0,1) size 79x18
            text run at (0,1) width 60: "ab12(^34"
            text run at (59,1) width 13 RTL: "\x{5E9}"
            text run at (71,1) width 8: "z"
        LayoutBlockFlow {P} at (0,1337) size 769x19
          LayoutText {#text} at (0,1) size 83x18
            text run at (0,1) width 12 RTL: "\x{5E9}"
            text run at (11,1) width 17: "34"
            text run at (27,1) width 14 RTL: "(^"
            text run at (40,1) width 17: "12"
            text run at (56,1) width 20 RTL: "\x{5D0}\x{5D1}"
            text run at (75,1) width 8: "z"
        LayoutBlockFlow {P} at (0,1372) size 769x21
          LayoutText {#text} at (0,1) size 79x18
            text run at (0,1) width 12 RTL: "\x{5E9}"
            text run at (11,1) width 17: "34"
            text run at (27,1) width 14 RTL: "(^"
            text run at (40,1) width 17: "12"
            text run at (56,1) width 16 RTL: "\x{627}\x{628}"
            text run at (71,1) width 8: "z"
        LayoutBlockFlow {P} at (0,1409) size 769x21
          LayoutText {#text} at (0,1) size 80x18
            text run at (0,1) width 16: "ab"
            text run at (15,1) width 17: "\x{661}\x{662}"
            text run at (31,1) width 30: "(^34"
            text run at (60,1) width 13 RTL: "\x{5E9}"
            text run at (72,1) width 8: "z"
        LayoutBlockFlow {P} at (0,1446) size 769x21
          LayoutText {#text} at (0,1) size 84x18
            text run at (0,1) width 12 RTL: "\x{5E9}"
            text run at (11,1) width 17: "34"
            text run at (27,1) width 14 RTL: "(^"
            text run at (40,1) width 18: "\x{661}\x{662}"
            text run at (57,1) width 20 RTL: "\x{5D0}\x{5D1}"
            text run at (76,1) width 8: "z"
        LayoutBlockFlow {P} at (0,1483) size 769x21
          LayoutText {#text} at (0,1) size 80x18
            text run at (0,1) width 12 RTL: "\x{5E9}"
            text run at (11,1) width 17: "34"
            text run at (27,1) width 14 RTL: "(^"
            text run at (40,1) width 18: "\x{661}\x{662}"
            text run at (57,1) width 15 RTL: "\x{627}\x{628}"
            text run at (71,1) width 9: "z"
        LayoutBlockFlow {P} at (0,1520) size 769x19
          LayoutText {#text} at (0,1) size 55x18
            text run at (0,1) width 8: "\x{202A}?"
            text run at (7,1) width 29: "\x{202C}(^34"
            text run at (35,1) width 13 RTL: "\x{5E9}"
            text run at (47,1) width 8: "z"
        LayoutBlockFlow {P} at (0,1555) size 769x19
          LayoutText {#text} at (0,1) size 55x18
            text run at (0,1) width 12 RTL: "\x{5E9}"
            text run at (11,1) width 17: "34"
            text run at (27,1) width 14 RTL: "\x{202C}(^"
            text run at (40,1) width 8 RTL: "\x{202B}?"
            text run at (47,1) width 8: "z"
        LayoutBlockFlow {P} at (0,1590) size 769x21
          LayoutText {#text} at (0,1) size 64x18
            text run at (0,1) width 28: "ab(^"
            text run at (27,1) width 13 RTL: "\x{5E9}"
            text run at (39,1) width 18: "\x{663}\x{664}"
            text run at (56,1) width 8: "z"
        LayoutBlockFlow {P} at (0,1627) size 769x21
          LayoutText {#text} at (0,1) size 68x18
            text run at (0,1) width 12 RTL: "\x{5E9}"
            text run at (11,1) width 18: "\x{663}\x{664}"
            text run at (28,1) width 33 RTL: "\x{5D0}\x{5D1}(^"
            text run at (60,1) width 8: "z"
        LayoutBlockFlow {P} at (0,1664) size 769x21
          LayoutText {#text} at (0,1) size 64x18
            text run at (0,1) width 12 RTL: "\x{5E9}"
            text run at (11,1) width 18: "\x{663}\x{664}"
            text run at (28,1) width 28 RTL: "\x{627}\x{628}(^"
            text run at (56,1) width 8: "z"
        LayoutBlockFlow {P} at (0,1701) size 769x21
          LayoutText {#text} at (0,1) size 80x18
            text run at (0,1) width 44: "ab12(^"
            text run at (43,1) width 13 RTL: "\x{5E9}"
            text run at (55,1) width 18: "\x{663}\x{664}"
            text run at (72,1) width 8: "z"
        LayoutBlockFlow {P} at (0,1738) size 769x21
          LayoutText {#text} at (0,1) size 84x18
            text run at (0,1) width 12 RTL: "\x{5E9}"
            text run at (11,1) width 18: "\x{663}\x{664}"
            text run at (28,1) width 14 RTL: "(^"
            text run at (41,1) width 17: "12"
            text run at (57,1) width 20 RTL: "\x{5D0}\x{5D1}"
            text run at (76,1) width 8: "z"
        LayoutBlockFlow {P} at (0,1775) size 769x21
          LayoutText {#text} at (0,1) size 80x18
            text run at (0,1) width 12 RTL: "\x{5E9}"
            text run at (11,1) width 18: "\x{663}\x{664}"
            text run at (28,1) width 14 RTL: "(^"
            text run at (41,1) width 17: "12"
            text run at (57,1) width 15 RTL: "\x{627}\x{628}"
            text run at (71,1) width 9: "z"
        LayoutBlockFlow {P} at (0,1812) size 769x21
          LayoutText {#text} at (0,1) size 81x18
            text run at (0,1) width 16: "ab"
            text run at (15,1) width 12 RTL: "\x{5E9}"
            text run at (26,1) width 18: "\x{663}\x{664}"
            text run at (43,1) width 14 RTL: "(^"
            text run at (56,1) width 17: "\x{661}\x{662}"
            text run at (72,1) width 9: "z"
        LayoutBlockFlow {P} at (0,1849) size 769x21
          LayoutText {#text} at (0,1) size 85x18
            text run at (0,1) width 12 RTL: "\x{5E9}"
            text run at (11,1) width 18: "\x{663}\x{664}"
            text run at (28,1) width 14 RTL: "(^"
            text run at (41,1) width 17: "\x{661}\x{662}"
            text run at (57,1) width 21 RTL: "\x{5D0}\x{5D1}"
            text run at (77,1) width 8: "z"
        LayoutBlockFlow {P} at (0,1886) size 769x21
          LayoutText {#text} at (0,1) size 80x18
            text run at (0,1) width 12 RTL: "\x{5E9}"
            text run at (11,1) width 18: "\x{663}\x{664}"
            text run at (28,1) width 14 RTL: "(^"
            text run at (41,1) width 17: "\x{661}\x{662}"
            text run at (57,1) width 16 RTL: "\x{627}\x{628}"
            text run at (72,1) width 8: "z"
        LayoutBlockFlow {P} at (0,1923) size 769x21
          LayoutText {#text} at (0,1) size 56x18
            text run at (0,1) width 8: "\x{202A}?"
            text run at (7,1) width 13: "\x{202C}(^"
            text run at (19,1) width 13 RTL: "\x{5E9}"
            text run at (31,1) width 18: "\x{663}\x{664}"
            text run at (48,1) width 8: "z"
        LayoutBlockFlow {P} at (0,1960) size 769x21
          LayoutText {#text} at (0,1) size 56x18
            text run at (0,1) width 12 RTL: "\x{5E9}"
            text run at (11,1) width 18: "\x{663}\x{664}"
            text run at (28,1) width 14 RTL: "\x{202C}(^"
            text run at (41,1) width 8 RTL: "\x{202B}?"
            text run at (48,1) width 8: "z"
        LayoutBlockFlow {P} at (0,1997) size 769x19
          LayoutText {#text} at (0,1) size 34x18
            text run at (0,1) width 28: "ab(^"
            text run at (27,1) width 7: "\x{202A}!"
            text run at (33,1) width 1: "\x{202C}"
        LayoutBlockFlow {P} at (0,2032) size 769x19
          LayoutText {#text} at (0,1) size 38x18
            text run at (0,1) width 20 RTL: "\x{5D0}\x{5D1}"
            text run at (19,1) width 14: "(^"
            text run at (32,1) width 6: "\x{202A}!"
            text run at (37,1) width 1: "\x{202C}"
        LayoutBlockFlow {P} at (0,2067) size 769x21
          LayoutText {#text} at (0,1) size 34x18
            text run at (0,1) width 15 RTL: "\x{627}\x{628}"
            text run at (14,1) width 14: "(^"
            text run at (27,1) width 7: "\x{202A}!"
            text run at (33,1) width 1: "\x{202C}"
        LayoutBlockFlow {P} at (0,2104) size 769x19
          LayoutText {#text} at (0,1) size 50x18
            text run at (0,1) width 44: "ab12(^"
            text run at (43,1) width 7: "\x{202A}!"
            text run at (49,1) width 1: "\x{202C}"
        LayoutBlockFlow {P} at (0,2139) size 769x19
          LayoutText {#text} at (0,1) size 54x18
            text run at (0,1) width 16: "12"
            text run at (16,1) width 20 RTL: "\x{5D0}\x{5D1}"
            text run at (35,1) width 14: "(^"
            text run at (48,1) width 6: "\x{202A}!"
            text run at (53,1) width 1: "\x{202C}"
        LayoutBlockFlow {P} at (0,2174) size 769x21
          LayoutText {#text} at (0,1) size 50x18
            text run at (0,1) width 16: "12"
            text run at (16,1) width 15 RTL: "\x{627}\x{628}"
            text run at (30,1) width 14: "(^"
            text run at (43,1) width 7: "\x{202A}!"
            text run at (49,1) width 1: "\x{202C}"
        LayoutBlockFlow {P} at (0,2211) size 769x21
          LayoutText {#text} at (0,1) size 51x18
            text run at (0,1) width 16: "ab"
            text run at (15,1) width 17: "\x{661}\x{662}"
            text run at (31,1) width 14: "(^"
            text run at (44,1) width 7: "\x{202A}!"
            text run at (50,1) width 1: "\x{202C}"
        LayoutBlockFlow {P} at (0,2248) size 769x21
          LayoutText {#text} at (0,1) size 55x18
            text run at (0,1) width 17: "\x{661}\x{662}"
            text run at (16,1) width 21 RTL: "\x{5D0}\x{5D1}"
            text run at (36,1) width 13: "(^"
            text run at (48,1) width 7: "\x{202A}!"
            text run at (54,1) width 1: "\x{202C}"
        LayoutBlockFlow {P} at (0,2285) size 769x21
          LayoutText {#text} at (0,1) size 50x18
            text run at (0,1) width 17: "\x{661}\x{662}"
            text run at (16,1) width 16 RTL: "\x{627}\x{628}"
            text run at (31,1) width 14: "(^"
            text run at (44,1) width 6: "\x{202A}!"
            text run at (49,1) width 1: "\x{202C}"
        LayoutBlockFlow {P} at (0,2322) size 769x19
          LayoutText {#text} at (0,1) size 26x18
            text run at (0,1) width 8: "\x{202A}?"
            text run at (7,1) width 13: "\x{202C}(^"
            text run at (19,1) width 7: "\x{202A}!"
            text run at (25,1) width 1: "\x{202C}"
        LayoutBlockFlow {P} at (0,2357) size 769x19
          LayoutText {#text} at (0,1) size 26x18
            text run at (0,1) width 8 RTL: "\x{202B}?"
            text run at (7,1) width 13: "\x{202C}(^"
            text run at (19,1) width 7: "\x{202A}!"
            text run at (25,1) width 1: "\x{202C}"
        LayoutBlockFlow {P} at (0,2392) size 769x19
          LayoutText {#text} at (0,1) size 34x18
            text run at (0,1) width 28: "ab(^"
            text run at (27,1) width 7 RTL: "\x{202B}!"
            text run at (33,1) width 1: "\x{202C}"
        LayoutBlockFlow {P} at (0,2427) size 769x19
          LayoutText {#text} at (0,1) size 38x18
            text run at (0,1) width 6 RTL: "\x{202B}!"
            text run at (5,1) width 33 RTL: "\x{5D0}\x{5D1}(^"
            text run at (37,1) width 1: "\x{202C}"
        LayoutBlockFlow {P} at (0,2462) size 769x21
          LayoutText {#text} at (0,1) size 34x18
            text run at (0,1) width 6 RTL: "\x{202B}!"
            text run at (5,1) width 29 RTL: "\x{627}\x{628}(^"
            text run at (33,1) width 1: "\x{202C}"
        LayoutBlockFlow {P} at (0,2499) size 769x19
          LayoutText {#text} at (0,1) size 50x18
            text run at (0,1) width 44: "ab12(^"
            text run at (43,1) width 7 RTL: "\x{202B}!"
            text run at (49,1) width 1: "\x{202C}"
        LayoutBlockFlow {P} at (0,2534) size 769x19
          LayoutText {#text} at (0,1) size 54x18
            text run at (0,1) width 6 RTL: "\x{202B}!"
            text run at (5,1) width 14 RTL: "(^"
            text run at (18,1) width 17: "12"
            text run at (34,1) width 20 RTL: "\x{5D0}\x{5D1}"
            text run at (53,1) width 1: "\x{202C}"
        LayoutBlockFlow {P} at (0,2569) size 769x21
          LayoutText {#text} at (0,1) size 50x18
            text run at (0,1) width 6 RTL: "\x{202B}!"
            text run at (5,1) width 14 RTL: "(^"
            text run at (18,1) width 17: "12"
            text run at (34,1) width 16 RTL: "\x{627}\x{628}"
            text run at (49,1) width 1: "\x{202C}"
        LayoutBlockFlow {P} at (0,2606) size 769x21
          LayoutText {#text} at (0,1) size 51x18
            text run at (0,1) width 16: "ab"
            text run at (15,1) width 6 RTL: "\x{202B}!"
            text run at (20,1) width 14 RTL: "(^"
            text run at (33,1) width 18: "\x{661}\x{662}"
            text run at (50,1) width 1: "\x{202C}"
        LayoutBlockFlow {P} at (0,2643) size 769x21
          LayoutText {#text} at (0,1) size 55x18
            text run at (0,1) width 6 RTL: "\x{202B}!"
            text run at (5,1) width 14 RTL: "(^"
            text run at (18,1) width 17: "\x{661}\x{662}"
            text run at (34,1) width 21 RTL: "\x{5D0}\x{5D1}"
            text run at (54,1) width 1: "\x{202C}"
        LayoutBlockFlow {P} at (0,2680) size 769x21
          LayoutText {#text} at (0,1) size 50x18
            text run at (0,1) width 6 RTL: "\x{202B}!"
            text run at (5,1) width 14 RTL: "(^"
            text run at (18,1) width 17: "\x{661}\x{662}"
            text run at (34,1) width 16 RTL: "\x{627}\x{628}"
            text run at (49,1) width 1: "\x{202C}"
        LayoutBlockFlow {P} at (0,2717) size 769x19
          LayoutText {#text} at (0,1) size 26x18
            text run at (0,1) width 8: "\x{202A}?"
            text run at (7,1) width 13: "\x{202C}(^"
            text run at (19,1) width 7 RTL: "\x{202B}!"
            text run at (25,1) width 1: "\x{202C}"
        LayoutBlockFlow {P} at (0,2752) size 769x19
          LayoutText {#text} at (0,1) size 26x18
            text run at (0,1) width 6 RTL: "\x{202B}!"
            text run at (5,1) width 14 RTL: "\x{202C}(^"
            text run at (18,1) width 8 RTL: "\x{202B}?"
            text run at (25,1) width 1: "\x{202C}"
        LayoutBlockFlow {P} at (0,2787) size 769x19
          LayoutText {#text} at (0,1) size 28x18
            text run at (0,1) width 28: "\x{202A}ab(^"
            text run at (27,1) width 1: "\x{202C}"
        LayoutBlockFlow {P} at (0,2822) size 769x19
          LayoutText {#text} at (0,1) size 33x18
            text run at (0,1) width 20 RTL: "\x{202A}\x{5D0}\x{5D1}"
            text run at (19,1) width 14: "(^"
            text run at (32,1) width 1: "\x{202C}"
        LayoutBlockFlow {P} at (0,2857) size 769x21
          LayoutText {#text} at (0,1) size 28x18
            text run at (0,1) width 15 RTL: "\x{202A}\x{627}\x{628}"
            text run at (14,1) width 14: "(^"
            text run at (27,1) width 1: "\x{202C}"
        LayoutBlockFlow {P} at (0,2894) size 769x19
          LayoutText {#text} at (0,1) size 44x18
            text run at (0,1) width 44: "\x{202A}ab12(^"
            text run at (43,1) width 1: "\x{202C}"
        LayoutBlockFlow {P} at (0,2929) size 769x19
          LayoutText {#text} at (0,1) size 49x18
            text run at (0,1) width 16: "12"
            text run at (16,1) width 20 RTL: "\x{202A}\x{5D0}\x{5D1}"
            text run at (35,1) width 14: "(^"
            text run at (48,1) width 1: "\x{202C}"
        LayoutBlockFlow {P} at (0,2964) size 769x21
          LayoutText {#text} at (0,1) size 44x18
            text run at (0,1) width 16: "12"
            text run at (16,1) width 15 RTL: "\x{202A}\x{627}\x{628}"
            text run at (30,1) width 14: "(^"
            text run at (43,1) width 1: "\x{202C}"
        LayoutBlockFlow {P} at (0,3001) size 769x21
          LayoutText {#text} at (0,1) size 45x18
            text run at (0,1) width 16: "\x{202A}ab"
            text run at (15,1) width 17: "\x{661}\x{662}"
            text run at (31,1) width 14: "(^"
            text run at (44,1) width 1: "\x{202C}"
        LayoutBlockFlow {P} at (0,3038) size 769x21
          LayoutText {#text} at (0,1) size 49x18
            text run at (0,1) width 17: "\x{661}\x{662}"
            text run at (16,1) width 21 RTL: "\x{202A}\x{5D0}\x{5D1}"
            text run at (36,1) width 13: "(^"
            text run at (48,1) width 1: "\x{202C}"
        LayoutBlockFlow {P} at (0,3075) size 769x21
          LayoutText {#text} at (0,1) size 45x18
            text run at (0,1) width 17: "\x{661}\x{662}"
            text run at (16,1) width 16 RTL: "\x{202A}\x{627}\x{628}"
            text run at (31,1) width 14: "(^"
            text run at (44,1) width 1: "\x{202C}"
        LayoutBlockFlow {P} at (0,3112) size 769x19
          LayoutText {#text} at (0,1) size 20x18
            text run at (0,1) width 0: "\x{202A}"
            text run at (0,1) width 8: "\x{202A}?"
            text run at (7,1) width 13: "\x{202C}(^"
            text run at (19,1) width 1: "\x{202C}"
        LayoutBlockFlow {P} at (0,3147) size 769x19
          LayoutText {#text} at (0,1) size 20x18
            text run at (0,1) width 0: "\x{202A}"
            text run at (0,1) width 8 RTL: "\x{202B}?"
            text run at (7,1) width 13: "\x{202C}(^"
            text run at (19,1) width 1: "\x{202C}"
      LayoutBlockFlow {DIV} at (0,3216) size 769x3166
        LayoutBlockFlow {P} at (0,0) size 769x18
          LayoutText {#text} at (0,0) size 44x18
            text run at (0,0) width 44: "ab(^cd"
        LayoutBlockFlow {P} at (0,34) size 769x19
          LayoutText {#text} at (0,1) size 48x18
            text run at (0,1) width 16: "cd"
            text run at (15,1) width 33 RTL: "\x{5D0}\x{5D1}(^"
        LayoutBlockFlow {P} at (0,69) size 769x21
          LayoutText {#text} at (0,1) size 43x18
            text run at (0,1) width 16: "cd"
            text run at (15,1) width 28 RTL: "\x{627}\x{628}(^"
        LayoutBlockFlow {P} at (0,106) size 769x18
          LayoutText {#text} at (0,0) size 60x18
            text run at (0,0) width 60: "ab12(^cd"
        LayoutBlockFlow {P} at (0,140) size 769x19
          LayoutText {#text} at (0,1) size 64x18
            text run at (0,1) width 16: "cd"
            text run at (15,1) width 13 RTL: "(^"
            text run at (27,1) width 17: "12"
            text run at (43,1) width 21 RTL: "\x{5D0}\x{5D1}"
        LayoutBlockFlow {P} at (0,175) size 769x21
          LayoutText {#text} at (0,1) size 59x18
            text run at (0,1) width 16: "cd"
            text run at (15,1) width 13 RTL: "(^"
            text run at (27,1) width 17: "12"
            text run at (43,1) width 16 RTL: "\x{627}\x{628}"
        LayoutBlockFlow {P} at (0,212) size 769x21
          LayoutText {#text} at (0,1) size 60x18
            text run at (0,1) width 16: "cd"
            text run at (15,1) width 13 RTL: "(^"
            text run at (27,1) width 33: "ab\x{661}\x{662}"
        LayoutBlockFlow {P} at (0,249) size 769x21
          LayoutText {#text} at (0,1) size 65x18
            text run at (0,1) width 16: "cd"
            text run at (15,1) width 13 RTL: "(^"
            text run at (27,1) width 18: "\x{661}\x{662}"
            text run at (44,1) width 21 RTL: "\x{5D0}\x{5D1}"
        LayoutBlockFlow {P} at (0,286) size 769x21
          LayoutText {#text} at (0,1) size 60x18
            text run at (0,1) width 16: "cd"
            text run at (15,1) width 13 RTL: "(^"
            text run at (27,1) width 18: "\x{661}\x{662}"
            text run at (44,1) width 16 RTL: "\x{627}\x{628}"
        LayoutBlockFlow {P} at (0,323) size 769x19
          LayoutText {#text} at (0,1) size 36x18
            text run at (0,1) width 8: "\x{202A}?"
            text run at (7,1) width 29: "\x{202C}(^cd"
        LayoutBlockFlow {P} at (0,358) size 769x19
          LayoutText {#text} at (0,1) size 36x18
            text run at (0,1) width 16: "cd"
            text run at (15,1) width 13 RTL: "\x{202C}(^"
            text run at (27,1) width 9 RTL: "\x{202B}?"
        LayoutBlockFlow {P} at (0,393) size 769x19
          LayoutText {#text} at (0,1) size 43x18
            text run at (0,1) width 28 RTL: "(^\x{5D2}\x{5D3}"
            text run at (27,1) width 16: "ab"
        LayoutBlockFlow {P} at (0,428) size 769x19
          LayoutText {#text} at (0,1) size 48x18
            text run at (0,1) width 48 RTL: "\x{5D0}\x{5D1}(^\x{5D2}\x{5D3}"
        LayoutBlockFlow {P} at (0,463) size 769x21
          LayoutText {#text} at (0,1) size 43x18
            text run at (0,1) width 43 RTL: "\x{627}\x{628}(^\x{5D2}\x{5D3}"
        LayoutBlockFlow {P} at (0,500) size 769x19
          LayoutText {#text} at (0,1) size 59x18
            text run at (0,1) width 28 RTL: "(^\x{5D2}\x{5D3}"
            text run at (27,1) width 32: "ab12"
        LayoutBlockFlow {P} at (0,535) size 769x19
          LayoutText {#text} at (0,1) size 64x18
            text run at (0,1) width 28 RTL: "(^\x{5D2}\x{5D3}"
            text run at (27,1) width 17: "12"
            text run at (43,1) width 21 RTL: "\x{5D0}\x{5D1}"
        LayoutBlockFlow {P} at (0,570) size 769x21
          LayoutText {#text} at (0,1) size 59x18
            text run at (0,1) width 28 RTL: "(^\x{5D2}\x{5D3}"
            text run at (27,1) width 17: "12"
            text run at (43,1) width 16 RTL: "\x{627}\x{628}"
        LayoutBlockFlow {P} at (0,607) size 769x21
          LayoutText {#text} at (0,1) size 60x18
            text run at (0,1) width 28 RTL: "(^\x{5D2}\x{5D3}"
            text run at (27,1) width 33: "ab\x{661}\x{662}"
        LayoutBlockFlow {P} at (0,644) size 769x21
          LayoutText {#text} at (0,1) size 64x18
            text run at (0,1) width 28 RTL: "(^\x{5D2}\x{5D3}"
            text run at (27,1) width 18: "\x{661}\x{662}"
            text run at (44,1) width 20 RTL: "\x{5D0}\x{5D1}"
        LayoutBlockFlow {P} at (0,681) size 769x21
          LayoutText {#text} at (0,1) size 60x18
            text run at (0,1) width 28 RTL: "(^\x{5D2}\x{5D3}"
            text run at (27,1) width 18: "\x{661}\x{662}"
            text run at (44,1) width 16 RTL: "\x{627}\x{628}"
        LayoutBlockFlow {P} at (0,718) size 769x19
          LayoutText {#text} at (0,1) size 35x18
            text run at (0,1) width 28 RTL: "\x{202C}(^\x{5D2}\x{5D3}"
            text run at (27,1) width 8: "\x{202A}?"
        LayoutBlockFlow {P} at (0,753) size 769x19
          LayoutText {#text} at (0,1) size 35x18
            text run at (0,1) width 28 RTL: "\x{202C}(^\x{5D2}\x{5D3}"
            text run at (27,1) width 8 RTL: "\x{202B}?"
        LayoutBlockFlow {P} at (0,788) size 769x21
          LayoutText {#text} at (0,1) size 45x18
            text run at (0,1) width 30 RTL: "(^\x{62C}\x{62F}"
            text run at (29,1) width 16: "ab"
        LayoutBlockFlow {P} at (0,825) size 769x21
          LayoutText {#text} at (0,1) size 49x18
            text run at (0,1) width 49 RTL: "\x{5D0}\x{5D1}(^\x{62C}\x{62F}"
        LayoutBlockFlow {P} at (0,862) size 769x21
          LayoutText {#text} at (0,1) size 45x18
            text run at (0,1) width 45 RTL: "\x{627}\x{628}(^\x{62C}\x{62F}"
        LayoutBlockFlow {P} at (0,899) size 769x21
          LayoutText {#text} at (0,1) size 61x18
            text run at (0,1) width 30 RTL: "(^\x{62C}\x{62F}"
            text run at (29,1) width 32: "ab12"
        LayoutBlockFlow {P} at (0,936) size 769x21
          LayoutText {#text} at (0,1) size 65x18
            text run at (0,1) width 30 RTL: "(^\x{62C}\x{62F}"
            text run at (29,1) width 17: "12"
            text run at (45,1) width 20 RTL: "\x{5D0}\x{5D1}"
        LayoutBlockFlow {P} at (0,973) size 769x21
          LayoutText {#text} at (0,1) size 61x18
            text run at (0,1) width 30 RTL: "(^\x{62C}\x{62F}"
            text run at (29,1) width 17: "12"
            text run at (45,1) width 16 RTL: "\x{627}\x{628}"
        LayoutBlockFlow {P} at (0,1010) size 769x21
          LayoutText {#text} at (0,1) size 62x18
            text run at (0,1) width 30 RTL: "(^\x{62C}\x{62F}"
            text run at (29,1) width 33: "ab\x{661}\x{662}"
        LayoutBlockFlow {P} at (0,1047) size 769x21
          LayoutText {#text} at (0,1) size 66x18
            text run at (0,1) width 30 RTL: "(^\x{62C}\x{62F}"
            text run at (29,1) width 17: "\x{661}\x{662}"
            text run at (45,1) width 21 RTL: "\x{5D0}\x{5D1}"
        LayoutBlockFlow {P} at (0,1084) size 769x21
          LayoutText {#text} at (0,1) size 61x18
            text run at (0,1) width 30 RTL: "(^\x{62C}\x{62F}"
            text run at (29,1) width 17: "\x{661}\x{662}"
            text run at (45,1) width 16 RTL: "\x{627}\x{628}"
        LayoutBlockFlow {P} at (0,1121) size 769x21
          LayoutText {#text} at (0,1) size 37x18
            text run at (0,1) width 30 RTL: "\x{202C}(^\x{62C}\x{62F}"
            text run at (29,1) width 8: "\x{202A}?"
        LayoutBlockFlow {P} at (0,1158) size 769x21
          LayoutText {#text} at (0,1) size 37x18
            text run at (0,1) width 30 RTL: "\x{202C}(^\x{62C}\x{62F}"
            text run at (29,1) width 8 RTL: "\x{202B}?"
        LayoutBlockFlow {P} at (0,1195) size 769x19
          LayoutText {#text} at (0,1) size 63x18
            text run at (0,1) width 8: "z"
            text run at (7,1) width 12 RTL: "\x{5E9}"
            text run at (18,1) width 45: "ab(^34"
        LayoutBlockFlow {P} at (0,1230) size 769x19
          LayoutText {#text} at (0,1) size 67x18
            text run at (0,1) width 8: "z"
            text run at (7,1) width 12 RTL: "\x{5E9}"
            text run at (18,1) width 17: "34"
            text run at (34,1) width 33 RTL: "\x{5D0}\x{5D1}(^"
        LayoutBlockFlow {P} at (0,1265) size 769x21
          LayoutText {#text} at (0,1) size 63x18
            text run at (0,1) width 8: "z"
            text run at (7,1) width 12 RTL: "\x{5E9}"
            text run at (18,1) width 17: "34"
            text run at (34,1) width 29 RTL: "\x{627}\x{628}(^"
        LayoutBlockFlow {P} at (0,1302) size 769x19
          LayoutText {#text} at (0,1) size 79x18
            text run at (0,1) width 8: "z"
            text run at (7,1) width 12 RTL: "\x{5E9}"
            text run at (18,1) width 61: "ab12(^34"
        LayoutBlockFlow {P} at (0,1337) size 769x19
          LayoutText {#text} at (0,1) size 83x18
            text run at (0,1) width 8: "z"
            text run at (7,1) width 12 RTL: "\x{5E9}"
            text run at (18,1) width 17: "34"
            text run at (34,1) width 14 RTL: "(^"
            text run at (47,1) width 17: "12"
            text run at (63,1) width 20 RTL: "\x{5D0}\x{5D1}"
        LayoutBlockFlow {P} at (0,1372) size 769x21
          LayoutText {#text} at (0,1) size 79x18
            text run at (0,1) width 8: "z"
            text run at (7,1) width 12 RTL: "\x{5E9}"
            text run at (18,1) width 17: "34"
            text run at (34,1) width 14 RTL: "(^"
            text run at (47,1) width 17: "12"
            text run at (63,1) width 16 RTL: "\x{627}\x{628}"
        LayoutBlockFlow {P} at (0,1409) size 769x21
          LayoutText {#text} at (0,1) size 80x18
            text run at (0,1) width 8: "z"
            text run at (7,1) width 12 RTL: "\x{5E9}"
            text run at (18,1) width 17: "34"
            text run at (34,1) width 14 RTL: "(^"
            text run at (47,1) width 33: "ab\x{661}\x{662}"
        LayoutBlockFlow {P} at (0,1446) size 769x21
          LayoutText {#text} at (0,1) size 84x18
            text run at (0,1) width 8: "z"
            text run at (7,1) width 12 RTL: "\x{5E9}"
            text run at (18,1) width 17: "34"
            text run at (34,1) width 14 RTL: "(^"
            text run at (47,1) width 18: "\x{661}\x{662}"
            text run at (64,1) width 20 RTL: "\x{5D0}\x{5D1}"
        LayoutBlockFlow {P} at (0,1483) size 769x21
          LayoutText {#text} at (0,1) size 80x18
            text run at (0,1) width 8: "z"
            text run at (7,1) width 12 RTL: "\x{5E9}"
            text run at (18,1) width 17: "34"
            text run at (34,1) width 14 RTL: "(^"
            text run at (47,1) width 18: "\x{661}\x{662}"
            text run at (64,1) width 16 RTL: "\x{627}\x{628}"
        LayoutBlockFlow {P} at (0,1520) size 769x19
          LayoutText {#text} at (0,1) size 55x18
            text run at (0,1) width 8: "z"
            text run at (7,1) width 12 RTL: "\x{5E9}"
            text run at (18,1) width 8: "\x{202A}?"
            text run at (25,1) width 30: "\x{202C}(^34"
        LayoutBlockFlow {P} at (0,1555) size 769x19
          LayoutText {#text} at (0,1) size 55x18
            text run at (0,1) width 8: "z"
            text run at (7,1) width 12 RTL: "\x{5E9}"
            text run at (18,1) width 17: "34"
            text run at (34,1) width 14 RTL: "\x{202C}(^"
            text run at (47,1) width 8 RTL: "\x{202B}?"
        LayoutBlockFlow {P} at (0,1590) size 769x21
          LayoutText {#text} at (0,1) size 64x18
            text run at (0,1) width 8: "z"
            text run at (7,1) width 12 RTL: "\x{5E9}"
            text run at (18,1) width 18: "\x{663}\x{664}"
            text run at (35,1) width 14 RTL: "(^"
            text run at (48,1) width 16: "ab"
        LayoutBlockFlow {P} at (0,1627) size 769x21
          LayoutText {#text} at (0,1) size 68x18
            text run at (0,1) width 8: "z"
            text run at (7,1) width 12 RTL: "\x{5E9}"
            text run at (18,1) width 18: "\x{663}\x{664}"
            text run at (35,1) width 33 RTL: "\x{5D0}\x{5D1}(^"
        LayoutBlockFlow {P} at (0,1664) size 769x21
          LayoutText {#text} at (0,1) size 64x18
            text run at (0,1) width 8: "z"
            text run at (7,1) width 12 RTL: "\x{5E9}"
            text run at (18,1) width 18: "\x{663}\x{664}"
            text run at (35,1) width 29 RTL: "\x{627}\x{628}(^"
        LayoutBlockFlow {P} at (0,1701) size 769x21
          LayoutText {#text} at (0,1) size 80x18
            text run at (0,1) width 8: "z"
            text run at (7,1) width 12 RTL: "\x{5E9}"
            text run at (18,1) width 18: "\x{663}\x{664}"
            text run at (35,1) width 14 RTL: "(^"
            text run at (48,1) width 32: "ab12"
        LayoutBlockFlow {P} at (0,1738) size 769x21
          LayoutText {#text} at (0,1) size 84x18
            text run at (0,1) width 8: "z"
            text run at (7,1) width 12 RTL: "\x{5E9}"
            text run at (18,1) width 18: "\x{663}\x{664}"
            text run at (35,1) width 14 RTL: "(^"
            text run at (48,1) width 17: "12"
            text run at (64,1) width 20 RTL: "\x{5D0}\x{5D1}"
        LayoutBlockFlow {P} at (0,1775) size 769x21
          LayoutText {#text} at (0,1) size 80x18
            text run at (0,1) width 8: "z"
            text run at (7,1) width 12 RTL: "\x{5E9}"
            text run at (18,1) width 18: "\x{663}\x{664}"
            text run at (35,1) width 14 RTL: "(^"
            text run at (48,1) width 17: "12"
            text run at (64,1) width 16 RTL: "\x{627}\x{628}"
        LayoutBlockFlow {P} at (0,1812) size 769x21
          LayoutText {#text} at (0,1) size 81x18
            text run at (0,1) width 8: "z"
            text run at (7,1) width 12 RTL: "\x{5E9}"
            text run at (18,1) width 18: "\x{663}\x{664}"
            text run at (35,1) width 14 RTL: "(^"
            text run at (48,1) width 33: "ab\x{661}\x{662}"
        LayoutBlockFlow {P} at (0,1849) size 769x21
          LayoutText {#text} at (0,1) size 85x18
            text run at (0,1) width 8: "z"
            text run at (7,1) width 12 RTL: "\x{5E9}"
            text run at (18,1) width 18: "\x{663}\x{664}"
            text run at (35,1) width 14 RTL: "(^"
            text run at (48,1) width 17: "\x{661}\x{662}"
            text run at (64,1) width 21 RTL: "\x{5D0}\x{5D1}"
        LayoutBlockFlow {P} at (0,1886) size 769x21
          LayoutText {#text} at (0,1) size 80x18
            text run at (0,1) width 8: "z"
            text run at (7,1) width 12 RTL: "\x{5E9}"
            text run at (18,1) width 18: "\x{663}\x{664}"
            text run at (35,1) width 14 RTL: "(^"
            text run at (48,1) width 17: "\x{661}\x{662}"
            text run at (64,1) width 16 RTL: "\x{627}\x{628}"
        LayoutBlockFlow {P} at (0,1923) size 769x21
          LayoutText {#text} at (0,1) size 56x18
            text run at (0,1) width 8: "z"
            text run at (7,1) width 12 RTL: "\x{5E9}"
            text run at (18,1) width 18: "\x{663}\x{664}"
            text run at (35,1) width 14 RTL: "\x{202C}(^"
            text run at (48,1) width 8: "\x{202A}?"
        LayoutBlockFlow {P} at (0,1960) size 769x21
          LayoutText {#text} at (0,1) size 56x18
            text run at (0,1) width 8: "z"
            text run at (7,1) width 12 RTL: "\x{5E9}"
            text run at (18,1) width 18: "\x{663}\x{664}"
            text run at (35,1) width 14 RTL: "\x{202C}(^"
            text run at (48,1) width 8 RTL: "\x{202B}?"
        LayoutBlockFlow {P} at (0,1997) size 769x19
          LayoutText {#text} at (0,1) size 34x18
            text run at (0,1) width 0 RTL: "\x{202C}"
            text run at (0,1) width 28: "ab(^"
            text run at (27,1) width 7: "\x{202A}!"
        LayoutBlockFlow {P} at (0,2032) size 769x19
          LayoutText {#text} at (0,1) size 38x18
            text run at (0,1) width 0 RTL: "\x{202C}"
            text run at (0,1) width 6: "\x{202A}!"
            text run at (5,1) width 33 RTL: "\x{5D0}\x{5D1}(^"
        LayoutBlockFlow {P} at (0,2067) size 769x21
          LayoutText {#text} at (0,1) size 34x18
            text run at (0,1) width 0 RTL: "\x{202C}"
            text run at (0,1) width 6: "\x{202A}!"
            text run at (5,1) width 29 RTL: "\x{627}\x{628}(^"
        LayoutBlockFlow {P} at (0,2104) size 769x19
          LayoutText {#text} at (0,1) size 50x18
            text run at (0,1) width 0 RTL: "\x{202C}"
            text run at (0,1) width 44: "ab12(^"
            text run at (43,1) width 7: "\x{202A}!"
        LayoutBlockFlow {P} at (0,2139) size 769x19
          LayoutText {#text} at (0,1) size 54x18
            text run at (0,1) width 0 RTL: "\x{202C}"
            text run at (0,1) width 6: "\x{202A}!"
            text run at (5,1) width 14 RTL: "(^"
            text run at (18,1) width 17: "12"
            text run at (34,1) width 20 RTL: "\x{5D0}\x{5D1}"
        LayoutBlockFlow {P} at (0,2174) size 769x21
          LayoutText {#text} at (0,1) size 50x18
            text run at (0,1) width 0 RTL: "\x{202C}"
            text run at (0,1) width 6: "\x{202A}!"
            text run at (5,1) width 14 RTL: "(^"
            text run at (18,1) width 17: "12"
            text run at (34,1) width 16 RTL: "\x{627}\x{628}"
        LayoutBlockFlow {P} at (0,2211) size 769x21
          LayoutText {#text} at (0,1) size 51x18
            text run at (0,1) width 0 RTL: "\x{202C}"
            text run at (0,1) width 6: "\x{202A}!"
            text run at (5,1) width 14 RTL: "(^"
            text run at (18,1) width 33: "ab\x{661}\x{662}"
        LayoutBlockFlow {P} at (0,2248) size 769x21
          LayoutText {#text} at (0,1) size 55x18
            text run at (0,1) width 0 RTL: "\x{202C}"
            text run at (0,1) width 6: "\x{202A}!"
            text run at (5,1) width 14 RTL: "(^"
            text run at (18,1) width 17: "\x{661}\x{662}"
            text run at (34,1) width 21 RTL: "\x{5D0}\x{5D1}"
        LayoutBlockFlow {P} at (0,2285) size 769x21
          LayoutText {#text} at (0,1) size 50x18
            text run at (0,1) width 0 RTL: "\x{202C}"
            text run at (0,1) width 6: "\x{202A}!"
            text run at (5,1) width 14 RTL: "(^"
            text run at (18,1) width 17: "\x{661}\x{662}"
            text run at (34,1) width 16 RTL: "\x{627}\x{628}"
        LayoutBlockFlow {P} at (0,2322) size 769x19
          LayoutText {#text} at (0,1) size 26x18
            text run at (0,1) width 0 RTL: "\x{202C}"
            text run at (0,1) width 8: "\x{202A}?"
            text run at (7,1) width 13: "\x{202C}(^"
            text run at (19,1) width 7: "\x{202A}!"
        LayoutBlockFlow {P} at (0,2357) size 769x19
          LayoutText {#text} at (0,1) size 26x18
            text run at (0,1) width 0 RTL: "\x{202C}"
            text run at (0,1) width 6: "\x{202A}!"
            text run at (5,1) width 14 RTL: "\x{202C}(^"
            text run at (18,1) width 8 RTL: "\x{202B}?"
        LayoutBlockFlow {P} at (0,2392) size 769x19
          LayoutText {#text} at (0,1) size 34x18
            text run at (0,1) width 0 RTL: "\x{202C}"
            text run at (0,1) width 6 RTL: "\x{202B}!"
            text run at (5,1) width 14 RTL: "(^"
            text run at (18,1) width 16: "ab"
        LayoutBlockFlow {P} at (0,2427) size 769x19
          LayoutText {#text} at (0,1) size 38x18
            text run at (0,1) width 0 RTL: "\x{202C}"
            text run at (0,1) width 6 RTL: "\x{202B}!"
            text run at (5,1) width 33 RTL: "\x{5D0}\x{5D1}(^"
        LayoutBlockFlow {P} at (0,2462) size 769x21
          LayoutText {#text} at (0,1) size 34x18
            text run at (0,1) width 0 RTL: "\x{202C}"
            text run at (0,1) width 6 RTL: "\x{202B}!"
            text run at (5,1) width 29 RTL: "\x{627}\x{628}(^"
        LayoutBlockFlow {P} at (0,2499) size 769x19
          LayoutText {#text} at (0,1) size 50x18
            text run at (0,1) width 0 RTL: "\x{202C}"
            text run at (0,1) width 6 RTL: "\x{202B}!"
            text run at (5,1) width 14 RTL: "(^"
            text run at (18,1) width 32: "ab12"
        LayoutBlockFlow {P} at (0,2534) size 769x19
          LayoutText {#text} at (0,1) size 54x18
            text run at (0,1) width 0 RTL: "\x{202C}"
            text run at (0,1) width 6 RTL: "\x{202B}!"
            text run at (5,1) width 14 RTL: "(^"
            text run at (18,1) width 17: "12"
            text run at (34,1) width 20 RTL: "\x{5D0}\x{5D1}"
        LayoutBlockFlow {P} at (0,2569) size 769x21
          LayoutText {#text} at (0,1) size 50x18
            text run at (0,1) width 0 RTL: "\x{202C}"
            text run at (0,1) width 6 RTL: "\x{202B}!"
            text run at (5,1) width 14 RTL: "(^"
            text run at (18,1) width 17: "12"
            text run at (34,1) width 16 RTL: "\x{627}\x{628}"
        LayoutBlockFlow {P} at (0,2606) size 769x21
          LayoutText {#text} at (0,1) size 51x18
            text run at (0,1) width 0 RTL: "\x{202C}"
            text run at (0,1) width 6 RTL: "\x{202B}!"
            text run at (5,1) width 14 RTL: "(^"
            text run at (18,1) width 33: "ab\x{661}\x{662}"
        LayoutBlockFlow {P} at (0,2643) size 769x21
          LayoutText {#text} at (0,1) size 55x18
            text run at (0,1) width 0 RTL: "\x{202C}"
            text run at (0,1) width 6 RTL: "\x{202B}!"
            text run at (5,1) width 14 RTL: "(^"
            text run at (18,1) width 17: "\x{661}\x{662}"
            text run at (34,1) width 21 RTL: "\x{5D0}\x{5D1}"
        LayoutBlockFlow {P} at (0,2680) size 769x21
          LayoutText {#text} at (0,1) size 50x18
            text run at (0,1) width 0 RTL: "\x{202C}"
            text run at (0,1) width 6 RTL: "\x{202B}!"
            text run at (5,1) width 14 RTL: "(^"
            text run at (18,1) width 17: "\x{661}\x{662}"
            text run at (34,1) width 16 RTL: "\x{627}\x{628}"
        LayoutBlockFlow {P} at (0,2717) size 769x19
          LayoutText {#text} at (0,1) size 26x18
            text run at (0,1) width 0 RTL: "\x{202C}"
            text run at (0,1) width 6 RTL: "\x{202B}!"
            text run at (5,1) width 14 RTL: "\x{202C}(^"
            text run at (18,1) width 8: "\x{202A}?"
        LayoutBlockFlow {P} at (0,2752) size 769x19
          LayoutText {#text} at (0,1) size 26x18
            text run at (0,1) width 0 RTL: "\x{202C}"
            text run at (0,1) width 6 RTL: "\x{202B}!"
            text run at (5,1) width 14 RTL: "\x{202C}(^"
            text run at (18,1) width 8 RTL: "\x{202B}?"
        LayoutBlockFlow {P} at (0,2787) size 769x19
          LayoutText {#text} at (0,1) size 28x18
            text run at (0,1) width 0 RTL: "\x{202C}"
            text run at (0,1) width 28: "\x{202A}ab(^"
        LayoutBlockFlow {P} at (0,2822) size 769x19
          LayoutText {#text} at (0,1) size 33x18
            text run at (0,1) width 0 RTL: "\x{202C}"
            text run at (0,1) width 20 RTL: "\x{202A}\x{5D0}\x{5D1}"
            text run at (19,1) width 14: "(^"
        LayoutBlockFlow {P} at (0,2857) size 769x21
          LayoutText {#text} at (0,1) size 28x18
            text run at (0,1) width 0 RTL: "\x{202C}"
            text run at (0,1) width 15 RTL: "\x{202A}\x{627}\x{628}"
            text run at (14,1) width 14: "(^"
        LayoutBlockFlow {P} at (0,2894) size 769x19
          LayoutText {#text} at (0,1) size 44x18
            text run at (0,1) width 0 RTL: "\x{202C}"
            text run at (0,1) width 44: "\x{202A}ab12(^"
        LayoutBlockFlow {P} at (0,2929) size 769x19
          LayoutText {#text} at (0,1) size 49x18
            text run at (0,1) width 0 RTL: "\x{202C}"
            text run at (0,1) width 16: "12"
            text run at (16,1) width 20 RTL: "\x{202A}\x{5D0}\x{5D1}"
            text run at (35,1) width 14: "(^"
        LayoutBlockFlow {P} at (0,2964) size 769x21
          LayoutText {#text} at (0,1) size 44x18
            text run at (0,1) width 0 RTL: "\x{202C}"
            text run at (0,1) width 16: "12"
            text run at (16,1) width 15 RTL: "\x{202A}\x{627}\x{628}"
            text run at (30,1) width 14: "(^"
        LayoutBlockFlow {P} at (0,3001) size 769x21
          LayoutText {#text} at (0,1) size 45x18
            text run at (0,1) width 0 RTL: "\x{202C}"
            text run at (0,1) width 16: "\x{202A}ab"
            text run at (15,1) width 17: "\x{661}\x{662}"
            text run at (31,1) width 14: "(^"
        LayoutBlockFlow {P} at (0,3038) size 769x21
          LayoutText {#text} at (0,1) size 49x18
            text run at (0,1) width 0 RTL: "\x{202C}"
            text run at (0,1) width 17: "\x{661}\x{662}"
            text run at (16,1) width 21 RTL: "\x{202A}\x{5D0}\x{5D1}"
            text run at (36,1) width 13: "(^"
        LayoutBlockFlow {P} at (0,3075) size 769x21
          LayoutText {#text} at (0,1) size 45x18
            text run at (0,1) width 0 RTL: "\x{202C}"
            text run at (0,1) width 17: "\x{661}\x{662}"
            text run at (16,1) width 16 RTL: "\x{202A}\x{627}\x{628}"
            text run at (31,1) width 14: "(^"
        LayoutBlockFlow {P} at (0,3112) size 769x19
          LayoutText {#text} at (0,1) size 20x18
            text run at (0,1) width 0 RTL: "\x{202C}"
            text run at (0,1) width 0: "\x{202A}"
            text run at (0,1) width 8: "\x{202A}?"
            text run at (7,1) width 13: "\x{202C}(^"
        LayoutBlockFlow {P} at (0,3147) size 769x19
          LayoutText {#text} at (0,1) size 20x18
            text run at (0,1) width 0 RTL: "\x{202C}"
            text run at (0,1) width 0: "\x{202A}"
            text run at (0,1) width 8 RTL: "\x{202B}?"
            text run at (7,1) width 13: "\x{202C}(^"
