layer at (0,0) size 800x600
  LayoutView at (0,0) size 800x600
layer at (0,0) size 800x219
  LayoutBlockFlow {HTML} at (0,0) size 800x219
    LayoutBlockFlow {BODY} at (8,8) size 784x203
      LayoutButton {INPUT} at (4,4) size 33.06x18 [bgcolor=#C0C0C0]
        LayoutBlockFlow (anonymous) at (8,2) size 17.06x13
          LayoutText {#text} at (0,0) size 18x13
            text run at (0,0) width 18: "foo"
      LayoutText {#text} at (41,3) size 5x18
        text run at (41,3) width 5: " "
      LayoutBR {BR} at (45,3) size 1x18
      LayoutButton {INPUT} at (4,30) size 35.06x24 [bgcolor=#C0C0C0] [border: (3px solid #00FF00)]
        LayoutBlockFlow (anonymous) at (9,5) size 17.06x13
          LayoutText {#text} at (0,0) size 18x13
            text run at (0,0) width 18: "foo"
      LayoutText {#text} at (43,32) size 5x18
        text run at (43,32) width 5: " "
      LayoutButton {INPUT} at (51.06,31) size 33.06x22 [bgcolor=#C0C0C0] [border: (2px outset #C0C0C0)]
        LayoutBlockFlow (anonymous) at (8,4) size 17.06x13
          LayoutText {#text} at (0,0) size 18x13
            text run at (0,0) width 18: "foo"
      LayoutText {#text} at (88,32) size 5x18
        text run at (88,32) width 5: " "
      LayoutBR {BR} at (92,32) size 1x18
      LayoutButton {INPUT} at (4,62) size 33.06x22 [border: (2px outset #C0C0C0)]
        LayoutBlockFlow (anonymous) at (8,4) size 17.06x13
          LayoutText {#text} at (0,0) size 18x13
            text run at (0,0) width 18: "foo"
      LayoutText {#text} at (41,63) size 5x18
        text run at (41,63) width 5: " "
      LayoutBR {BR} at (45,63) size 1x18
      LayoutButton {INPUT} at (4,92) size 33.06x18 [bgcolor=#C0C0C0]
        LayoutBlockFlow (anonymous) at (8,2) size 17.06x13
          LayoutText {#text} at (0,0) size 18x13
            text run at (0,0) width 18: "foo"
      LayoutText {#text} at (41,91) size 5x18
        text run at (41,91) width 5: " "
      LayoutBR {BR} at (45,91) size 1x18
      LayoutButton {INPUT} at (4,118) size 35.88x21 [bgcolor=#C0C0C0]
        LayoutBlockFlow (anonymous) at (8,2) size 19.88x16
          LayoutText {#text} at (0,0) size 20x16
            text run at (0,0) width 20: "foo"
      LayoutText {#text} at (43,119) size 5x18
        text run at (43,119) width 5: " "
      LayoutButton {INPUT} at (51.88,118) size 35.88x21 [bgcolor=#C0C0C0]
        LayoutBlockFlow (anonymous) at (8,2) size 19.88x16
          LayoutText {#text} at (0,0) size 20x16
            text run at (0,0) width 20: "foo"
      LayoutText {#text} at (91,119) size 5x18
        text run at (91,119) width 5: " "
      LayoutButton {INPUT} at (99.75,118) size 35.88x21 [bgcolor=#C0C0C0]
        LayoutBlockFlow (anonymous) at (8,2) size 19.88x16
          LayoutText {#text} at (0,0) size 20x16
            text run at (0,0) width 20: "foo"
      LayoutText {#text} at (139,119) size 5x18
        text run at (139,119) width 5: " "
      LayoutBR {BR} at (143,119) size 1x18
      LayoutButton {INPUT} at (6,158) size 48.58x32.50 [bgcolor=#C0C0C0] [border: (3px outset #C0C0C0)]
        LayoutBlockFlow (anonymous) at (12,6) size 24.58x19
          LayoutText {#text} at (0,0) size 25x19
            text run at (0,0) width 25: "foo"
      LayoutText {#text} at (60,166) size 5x18
        text run at (60,166) width 5: " "
      LayoutButton {INPUT} at (72.58,151) size 63.63x44 [bgcolor=#C0C0C0] [border: (4px outset #C0C0C0)]
        LayoutBlockFlow (anonymous) at (16,8) size 31.63x26
          LayoutText {#text} at (0,0) size 32x26
            text run at (0,0) width 32: "foo"
      LayoutText {#text} at (144,166) size 5x18
        text run at (144,166) width 5: " "
      LayoutBR {BR} at (148,166) size 1x18
