layer at (0,0) size 800x600 clip at (0,0) size 785x600 scrollHeight 608
  LayoutView at (0,0) size 800x600
layer at (0,0) size 785x608 backgroundClip at (0,0) size 785x600 clip at (0,0) size 785x600
  LayoutBlockFlow {HTML} at (0,0) size 785x608
    LayoutBlockFlow {BODY} at (8,8) size 769x560
      LayoutBlockFlow (anonymous) at (0,0) size 769x20
        LayoutText {#text} at (0,0) size 457x19
          text run at (0,0) width 457: "This tests the ZWJ and ZWNJ format control characters on basic Latin text."
      LayoutBlockFlow {DIV} at (0,60) size 769x230
        LayoutBlockFlow {P} at (0,0) size 769x48
          LayoutText {#text} at (0,1) size 276x46
            text run at (0,1) width 276: "fi fl ff ffi ffl fl f   i"
        LayoutBlockFlow {P} at (0,88) size 769x51
          LayoutText {#text} at (0,4) size 276x46
            text run at (0,4) width 276: "f\x{200C}i f\x{200C}l f\x{200C}f f\x{200C}f\x{200C}i f\x{200C}f\x{200C}l f\x{200C}\x{200C}\x{200C}\x{200C}\x{200C}\x{200C}\x{200C}l f\x{200C}\x{200C}\x{200C}\x{200C}\x{200C}\x{200C}\x{200C} \x{200C}\x{200C}\x{200C}\x{200C}\x{200C}\x{200C}\x{200C} \x{200C}\x{200C}\x{200C}\x{200C}\x{200C}\x{200C}\x{200C} \x{200C}\x{200C}\x{200C}\x{200C}\x{200C}\x{200C}\x{200C}i"
        LayoutBlockFlow {P} at (0,179) size 769x51
          LayoutText {#text} at (0,4) size 276x46
            text run at (0,4) width 276: "f\x{200D}i f\x{200D}l f\x{200D}f f\x{200D}f\x{200D}i f\x{200D}f\x{200D}l f\x{200D}\x{200D}\x{200D}\x{200D}\x{200D}\x{200D}\x{200D}l f\x{200D}\x{200D}\x{200D}\x{200D}\x{200D}\x{200D}\x{200D} \x{200D}\x{200D}\x{200D}\x{200D}\x{200D}\x{200D}\x{200D} \x{200D}\x{200D}\x{200D}\x{200D}\x{200D}\x{200D}\x{200D} \x{200D}\x{200D}\x{200D}\x{200D}\x{200D}\x{200D}\x{200D}i"
      LayoutBlockFlow {DIV} at (0,330) size 769x230
        LayoutBlockFlow {P} at (0,0) size 769x48
          LayoutText {#text} at (0,1) size 276x46
            text run at (0,1) width 276: "fi fl ff ffi ffl fl f   i"
        LayoutBlockFlow {P} at (0,88) size 769x51
          LayoutText {#text} at (0,4) size 276x46
            text run at (0,4) width 276: "f\x{200C}i f\x{200C}l f\x{200C}f f\x{200C}f\x{200C}i f\x{200C}f\x{200C}l f\x{200C}\x{200C}\x{200C}\x{200C}\x{200C}\x{200C}\x{200C}l f\x{200C}\x{200C}\x{200C}\x{200C}\x{200C}\x{200C}\x{200C} \x{200C}\x{200C}\x{200C}\x{200C}\x{200C}\x{200C}\x{200C} \x{200C}\x{200C}\x{200C}\x{200C}\x{200C}\x{200C}\x{200C} \x{200C}\x{200C}\x{200C}\x{200C}\x{200C}\x{200C}\x{200C}i"
        LayoutBlockFlow {P} at (0,179) size 769x51
          LayoutText {#text} at (0,4) size 276x46
            text run at (0,4) width 276: "f\x{200D}i f\x{200D}l f\x{200D}f f\x{200D}f\x{200D}i f\x{200D}f\x{200D}l f\x{200D}\x{200D}\x{200D}\x{200D}\x{200D}\x{200D}\x{200D}l f\x{200D}\x{200D}\x{200D}\x{200D}\x{200D}\x{200D}\x{200D} \x{200D}\x{200D}\x{200D}\x{200D}\x{200D}\x{200D}\x{200D} \x{200D}\x{200D}\x{200D}\x{200D}\x{200D}\x{200D}\x{200D} \x{200D}\x{200D}\x{200D}\x{200D}\x{200D}\x{200D}\x{200D}i"
