layer at (0,0) size 800x600
  LayoutView at (0,0) size 800x600
layer at (0,0) size 800x600
  LayoutBlockFlow {HTML} at (0,0) size 800x600
    LayoutBlockFlow {BODY} at (8,8) size 784x584
      LayoutBlockFlow {DIV} at (0,0) size 225x58 [color=#FFFFFF]
        LayoutText {#text} at (0,6) size 100x25
          text run at (0,6) width 100: "Did \x{AD}"
        LayoutInline {SPAN} at (0,0) size 75x25 [color=#008000]
          LayoutText {#text} at (100,6) size 75x25
            text run at (100,6) width 75: "not"
        LayoutText {#text} at (0,33) size 100x25
          text run at (0,33) width 100: "fail"
